=== 5m NOINDEX SIZE ===
  count  
---------
 5000000
(1 row)

 pg_size_pretty 
----------------
 326 MB
(1 row)

 pg_size_pretty 
----------------
 433 MB
(1 row)

=== SELECT ===
                                                         QUERY PLAN                                                         
----------------------------------------------------------------------------------------------------------------------------
 Gather  (cost=1000.00..68713.68 rows=51 width=36) (actual time=9.324..160.704 rows=36 loops=1)
   Workers Planned: 2
   Workers Launched: 2
   ->  Parallel Seq Scan on events_5m  (cost=0.00..67708.58 rows=21 width=36) (actual time=17.660..151.607 rows=12 loops=3)
         Filter: (user_id = 123)
         Rows Removed by Filter: 1666655
 Planning Time: 0.209 ms
 Execution Time: 160.786 ms
(8 rows)

=== RANGE ===
                                                          QUERY PLAN                                                           
-------------------------------------------------------------------------------------------------------------------------------
 Gather  (cost=1000.00..80362.52 rows=12373 width=36) (actual time=0.314..458.189 rows=13672 loops=1)
   Workers Planned: 2
   Workers Launched: 2
   ->  Parallel Seq Scan on events_5m  (cost=0.00..78125.22 rows=5155 width=36) (actual time=0.054..446.918 rows=4557 loops=3)
         Filter: (created_at >= (now() - '1 day'::interval))
         Rows Removed by Filter: 1662109
 Planning Time: 0.124 ms
 Execution Time: 458.994 ms
(8 rows)

=== ORDER ===
                                                               QUERY PLAN                                                               
----------------------------------------------------------------------------------------------------------------------------------------
 Limit  (cost=68709.07..68713.97 rows=42 width=36) (actual time=186.758..192.124 rows=36 loops=1)
   ->  Gather Merge  (cost=68709.07..68713.97 rows=42 width=36) (actual time=186.756..192.118 rows=36 loops=1)
         Workers Planned: 2
         Workers Launched: 2
         ->  Sort  (cost=67709.04..67709.10 rows=21 width=36) (actual time=181.721..181.723 rows=12 loops=3)
               Sort Key: created_at DESC
               Sort Method: quicksort  Memory: 25kB
               Worker 0:  Sort Method: quicksort  Memory: 26kB
               Worker 1:  Sort Method: quicksort  Memory: 25kB
               ->  Parallel Seq Scan on events_5m  (cost=0.00..67708.58 rows=21 width=36) (actual time=18.512..181.393 rows=12 loops=3)
                     Filter: (user_id = 123)
                     Rows Removed by Filter: 1666655
 Planning Time: 0.245 ms
 Execution Time: 192.218 ms
(14 rows)

