=== 10k_WITHINDEX SIZE ===
 rows  
-------
 10000
(1 row)

 table_size 
------------
 672 kB
(1 row)

 total_size 
------------
 1752 kB
(1 row)

=== 10k_WITHINDEX SELECT user_id ===
                                                           QUERY PLAN                                                            
---------------------------------------------------------------------------------------------------------------------------------
 Index Scan using idx_events_user_created on events  (cost=0.29..8.30 rows=1 width=36) (actual time=0.051..0.051 rows=0 loops=1)
   Index Cond: (user_id = 123)
 Planning Time: 0.164 ms
 Execution Time: 0.069 ms
(4 rows)

=== 10k_WITHINDEX RANGE ===
                                                           QUERY PLAN                                                           
--------------------------------------------------------------------------------------------------------------------------------
 Bitmap Heap Scan on events  (cost=4.49..60.84 rows=26 width=36) (actual time=0.057..0.084 rows=27 loops=1)
   Recheck Cond: (created_at >= (now() - '1 day'::interval))
   Heap Blocks: exact=22
   ->  Bitmap Index Scan on idx_events_created_at  (cost=0.00..4.49 rows=26 width=0) (actual time=0.049..0.049 rows=27 loops=1)
         Index Cond: (created_at >= (now() - '1 day'::interval))
 Planning Time: 0.159 ms
 Execution Time: 0.118 ms
(7 rows)

=== 10k_WITHINDEX ORDER LIMIT ===
                                                              QUERY PLAN                                                               
---------------------------------------------------------------------------------------------------------------------------------------
 Limit  (cost=0.29..8.30 rows=1 width=36) (actual time=0.012..0.012 rows=0 loops=1)
   ->  Index Scan using idx_events_user_created on events  (cost=0.29..8.30 rows=1 width=36) (actual time=0.011..0.011 rows=0 loops=1)
         Index Cond: (user_id = 123)
 Planning Time: 0.142 ms
 Execution Time: 0.027 ms
(5 rows)

