GROWTH 100k WITHINDEX
                                                              QUERY PLAN                                                               
---------------------------------------------------------------------------------------------------------------------------------------
 Bitmap Heap Scan on adoptions_growth  (cost=4.45..75.41 rows=20 width=39) (actual time=0.031..0.114 rows=20 loops=1)
   Recheck Cond: (user_id = 2)
   Heap Blocks: exact=20
   ->  Bitmap Index Scan on adoptions_growth_user_id_idx  (cost=0.00..4.44 rows=20 width=0) (actual time=0.022..0.022 rows=20 loops=1)
         Index Cond: (user_id = 2)
 Planning Time: 0.848 ms
 Execution Time: 0.213 ms
(7 rows)

                                                                  QUERY PLAN                                                                   
-----------------------------------------------------------------------------------------------------------------------------------------------
 Bitmap Heap Scan on adoptions_growth  (cost=62.92..999.25 rows=4548 width=39) (actual time=0.128..0.844 rows=4289 loops=1)
   Recheck Cond: ((created_at >= (now() - '30 days'::interval)) AND (created_at < now()))
   Heap Blocks: exact=190
   ->  Bitmap Index Scan on adoptions_growth_created_at_idx  (cost=0.00..61.78 rows=4548 width=0) (actual time=0.107..0.107 rows=4289 loops=1)
         Index Cond: ((created_at >= (now() - '30 days'::interval)) AND (created_at < now()))
 Planning Time: 0.179 ms
 Execution Time: 0.984 ms
(7 rows)

                                                                    QUERY PLAN                                                                     
---------------------------------------------------------------------------------------------------------------------------------------------------
 Limit  (cost=75.84..75.89 rows=20 width=39) (actual time=0.078..0.081 rows=20 loops=1)
   ->  Sort  (cost=75.84..75.89 rows=20 width=39) (actual time=0.077..0.079 rows=20 loops=1)
         Sort Key: created_at DESC
         Sort Method: quicksort  Memory: 26kB
         ->  Bitmap Heap Scan on adoptions_growth  (cost=4.45..75.41 rows=20 width=39) (actual time=0.015..0.036 rows=20 loops=1)
               Recheck Cond: (user_id = 2)
               Heap Blocks: exact=20
               ->  Bitmap Index Scan on adoptions_growth_user_id_idx  (cost=0.00..4.44 rows=20 width=0) (actual time=0.010..0.011 rows=20 loops=1)
                     Index Cond: (user_id = 2)
 Planning Time: 0.144 ms
 Execution Time: 0.119 ms
(11 rows)

