LIVE now
  count  
---------
 5000000
(1 row)

                                                                           QUERY PLAN                                                                           
----------------------------------------------------------------------------------------------------------------------------------------------------------------
 Append  (cost=0.00..3768.72 rows=1037 width=50) (actual time=0.065..2.904 rows=992 loops=1)
   ->  Seq Scan on adoptions_2024_03 adoptions_1  (cost=0.00..0.00 rows=1 width=182) (actual time=0.008..0.008 rows=0 loops=1)
         Filter: (user_id = 2)
   ->  Seq Scan on adoptions_2024_04 adoptions_2  (cost=0.00..0.00 rows=1 width=182) (actual time=0.001..0.002 rows=0 loops=1)
         Filter: (user_id = 2)
   ->  Seq Scan on adoptions_2024_05 adoptions_3  (cost=0.00..0.00 rows=1 width=182) (actual time=0.002..0.042 rows=0 loops=1)
         Filter: (user_id = 2)
   ->  Seq Scan on adoptions_2024_06 adoptions_4  (cost=0.00..0.00 rows=1 width=182) (actual time=0.003..0.004 rows=0 loops=1)
         Filter: (user_id = 2)
   ->  Seq Scan on adoptions_2024_07 adoptions_5  (cost=0.00..0.00 rows=1 width=182) (actual time=0.002..0.002 rows=0 loops=1)
         Filter: (user_id = 2)
   ->  Seq Scan on adoptions_2024_08 adoptions_6  (cost=0.00..0.00 rows=1 width=182) (actual time=0.001..0.002 rows=0 loops=1)
         Filter: (user_id = 2)
   ->  Bitmap Heap Scan on adoptions_2024_09 adoptions_7  (cost=4.60..89.82 rows=24 width=49) (actual time=0.046..0.093 rows=24 loops=1)
         Recheck Cond: (user_id = 2)
         Heap Blocks: exact=24
         ->  Bitmap Index Scan on adoptions_2024_09_user_id_status_created_at_idx  (cost=0.00..4.60 rows=24 width=0) (actual time=0.036..0.036 rows=24 loops=1)
               Index Cond: (user_id = 2)
   ->  Bitmap Heap Scan on adoptions_2024_10 adoptions_8  (cost=4.77..164.56 rows=45 width=47) (actual time=0.036..0.118 rows=45 loops=1)
         Recheck Cond: (user_id = 2)
         Heap Blocks: exact=45
         ->  Bitmap Index Scan on adoptions_2024_10_user_id_status_created_at_idx  (cost=0.00..4.76 rows=45 width=0) (actual time=0.020..0.020 rows=45 loops=1)
               Index Cond: (user_id = 2)
   ->  Bitmap Heap Scan on adoptions_2024_11 adoptions_9  (cost=4.76..160.89 rows=44 width=47) (actual time=0.032..0.100 rows=44 loops=1)
         Recheck Cond: (user_id = 2)
         Heap Blocks: exact=44
         ->  Bitmap Index Scan on adoptions_2024_11_user_id_status_created_at_idx  (cost=0.00..4.75 rows=44 width=0) (actual time=0.019..0.019 rows=44 loops=1)
               Index Cond: (user_id = 2)
   ->  Bitmap Heap Scan on adoptions_2024_12 adoptions_10  (cost=4.77..164.58 rows=45 width=49) (actual time=0.023..0.099 rows=42 loops=1)
         Recheck Cond: (user_id = 2)
         Heap Blocks: exact=42
         ->  Bitmap Index Scan on adoptions_2024_12_user_id_status_created_at_idx  (cost=0.00..4.76 rows=45 width=0) (actual time=0.016..0.016 rows=42 loops=1)
               Index Cond: (user_id = 2)
   ->  Bitmap Heap Scan on adoptions_2025_01 adoptions_11  (cost=4.77..164.56 rows=45 width=48) (actual time=0.026..0.081 rows=42 loops=1)
         Recheck Cond: (user_id = 2)
         Heap Blocks: exact=42
         ->  Bitmap Index Scan on adoptions_2025_01_user_id_status_created_at_idx  (cost=0.00..4.76 rows=45 width=0) (actual time=0.019..0.020 rows=42 loops=1)
               Index Cond: (user_id = 2)
   ->  Bitmap Heap Scan on adoptions_2025_02 adoptions_12  (cost=4.74..150.24 rows=41 width=48) (actual time=0.044..0.142 rows=35 loops=1)
         Recheck Cond: (user_id = 2)
         Heap Blocks: exact=35
         ->  Bitmap Index Scan on adoptions_2025_02_user_id_status_created_at_idx  (cost=0.00..4.73 rows=41 width=0) (actual time=0.038..0.039 rows=35 loops=1)
               Index Cond: (user_id = 2)
   ->  Bitmap Heap Scan on adoptions_2025_03 adoptions_13  (cost=4.77..164.56 rows=45 width=47) (actual time=0.034..0.114 rows=44 loops=1)
         Recheck Cond: (user_id = 2)
         Heap Blocks: exact=44
         ->  Bitmap Index Scan on adoptions_2025_03_user_id_status_created_at_idx  (cost=0.00..4.76 rows=45 width=0) (actual time=0.024..0.024 rows=44 loops=1)
               Index Cond: (user_id = 2)
   ->  Bitmap Heap Scan on adoptions_2025_04 adoptions_14  (cost=4.76..160.88 rows=44 width=48) (actual time=0.020..0.095 rows=37 loops=1)
         Recheck Cond: (user_id = 2)
         Heap Blocks: exact=37
         ->  Bitmap Index Scan on adoptions_2025_04_user_id_status_created_at_idx  (cost=0.00..4.75 rows=44 width=0) (actual time=0.014..0.014 rows=37 loops=1)
               Index Cond: (user_id = 2)
   ->  Bitmap Heap Scan on adoptions_2025_05 adoptions_15  (cost=4.77..164.56 rows=45 width=48) (actual time=0.028..0.103 rows=45 loops=1)
         Recheck Cond: (user_id = 2)
         Heap Blocks: exact=45
         ->  Bitmap Index Scan on adoptions_2025_05_user_id_status_created_at_idx  (cost=0.00..4.76 rows=45 width=0) (actual time=0.019..0.019 rows=45 loops=1)
               Index Cond: (user_id = 2)
   ->  Bitmap Heap Scan on adoptions_2025_06 adoptions_16  (cost=4.76..160.89 rows=44 width=48) (actual time=0.025..0.075 rows=41 loops=1)
         Recheck Cond: (user_id = 2)
         Heap Blocks: exact=41
         ->  Bitmap Index Scan on adoptions_2025_06_user_id_status_created_at_idx  (cost=0.00..4.75 rows=44 width=0) (actual time=0.019..0.019 rows=41 loops=1)
               Index Cond: (user_id = 2)
   ->  Bitmap Heap Scan on adoptions_2025_07 adoptions_17  (cost=4.77..164.55 rows=45 width=48) (actual time=0.027..0.124 rows=49 loops=1)
         Recheck Cond: (user_id = 2)
         Heap Blocks: exact=49
         ->  Bitmap Index Scan on adoptions_2025_07_user_id_status_created_at_idx  (cost=0.00..4.76 rows=45 width=0) (actual time=0.014..0.015 rows=49 loops=1)
               Index Cond: (user_id = 2)
   ->  Bitmap Heap Scan on adoptions_2025_08 adoptions_18  (cost=4.77..164.56 rows=45 width=47) (actual time=0.029..0.158 rows=40 loops=1)
         Recheck Cond: (user_id = 2)
         Heap Blocks: exact=40
         ->  Bitmap Index Scan on adoptions_2025_08_user_id_status_created_at_idx  (cost=0.00..4.76 rows=45 width=0) (actual time=0.022..0.022 rows=40 loops=1)
               Index Cond: (user_id = 2)
   ->  Bitmap Heap Scan on adoptions_2025_09 adoptions_19  (cost=4.76..160.88 rows=44 width=47) (actual time=0.034..0.140 rows=44 loops=1)
         Recheck Cond: (user_id = 2)
         Heap Blocks: exact=44
         ->  Bitmap Index Scan on adoptions_2025_09_user_id_status_created_at_idx  (cost=0.00..4.75 rows=44 width=0) (actual time=0.025..0.025 rows=44 loops=1)
               Index Cond: (user_id = 2)
   ->  Bitmap Heap Scan on adoptions_2025_10 adoptions_20  (cost=4.77..164.56 rows=45 width=49) (actual time=0.024..0.089 rows=42 loops=1)
         Recheck Cond: (user_id = 2)
         Heap Blocks: exact=42
         ->  Bitmap Index Scan on adoptions_2025_10_user_id_status_created_at_idx  (cost=0.00..4.76 rows=45 width=0) (actual time=0.017..0.017 rows=42 loops=1)
               Index Cond: (user_id = 2)
   ->  Bitmap Heap Scan on adoptions_2025_11 adoptions_21  (cost=4.76..160.89 rows=44 width=47) (actual time=0.021..0.150 rows=45 loops=1)
         Recheck Cond: (user_id = 2)
         Heap Blocks: exact=45
         ->  Bitmap Index Scan on adoptions_2025_11_user_id_status_created_at_idx  (cost=0.00..4.75 rows=44 width=0) (actual time=0.015..0.015 rows=45 loops=1)
               Index Cond: (user_id = 2)
   ->  Bitmap Heap Scan on adoptions_2025_12 adoptions_22  (cost=4.77..164.57 rows=45 width=49) (actual time=0.035..0.129 rows=43 loops=1)
         Recheck Cond: (user_id = 2)
         Heap Blocks: exact=43
         ->  Bitmap Index Scan on adoptions_2025_12_user_id_status_created_at_idx  (cost=0.00..4.76 rows=45 width=0) (actual time=0.026..0.026 rows=43 loops=1)
               Index Cond: (user_id = 2)
   ->  Bitmap Heap Scan on adoptions_2026_01 adoptions_23  (cost=4.77..164.56 rows=45 width=48) (actual time=0.026..0.111 rows=47 loops=1)
         Recheck Cond: (user_id = 2)
         Heap Blocks: exact=47
         ->  Bitmap Index Scan on adoptions_2026_01_user_id_status_created_at_idx  (cost=0.00..4.76 rows=45 width=0) (actual time=0.016..0.016 rows=47 loops=1)
               Index Cond: (user_id = 2)
   ->  Bitmap Heap Scan on adoptions_2026_02 adoptions_24  (cost=4.74..150.24 rows=41 width=49) (actual time=0.022..0.083 rows=37 loops=1)
         Recheck Cond: (user_id = 2)
         Heap Blocks: exact=37
         ->  Bitmap Index Scan on adoptions_2026_02_user_id_status_created_at_idx  (cost=0.00..4.73 rows=41 width=0) (actual time=0.017..0.017 rows=37 loops=1)
               Index Cond: (user_id = 2)
   ->  Bitmap Heap Scan on adoptions_2026_03 adoptions_25  (cost=4.77..164.56 rows=45 width=47) (actual time=0.027..0.147 rows=47 loops=1)
         Recheck Cond: (user_id = 2)
         Heap Blocks: exact=47
         ->  Bitmap Index Scan on adoptions_2026_03_user_id_status_created_at_idx  (cost=0.00..4.76 rows=45 width=0) (actual time=0.019..0.019 rows=47 loops=1)
               Index Cond: (user_id = 2)
   ->  Bitmap Heap Scan on adoptions_2026_04 adoptions_26  (cost=4.76..160.90 rows=44 width=48) (actual time=0.028..0.082 rows=40 loops=1)
         Recheck Cond: (user_id = 2)
         Heap Blocks: exact=39
         ->  Bitmap Index Scan on adoptions_2026_04_user_id_status_created_at_idx  (cost=0.00..4.75 rows=44 width=0) (actual time=0.016..0.016 rows=40 loops=1)
               Index Cond: (user_id = 2)
   ->  Bitmap Heap Scan on adoptions_2026_05 adoptions_27  (cost=4.77..164.56 rows=45 width=48) (actual time=0.028..0.172 rows=47 loops=1)
         Recheck Cond: (user_id = 2)
         Heap Blocks: exact=47
         ->  Bitmap Index Scan on adoptions_2026_05_user_id_status_created_at_idx  (cost=0.00..4.76 rows=45 width=0) (actual time=0.015..0.015 rows=47 loops=1)
               Index Cond: (user_id = 2)
   ->  Bitmap Heap Scan on adoptions_2026_06 adoptions_28  (cost=4.76..160.90 rows=44 width=47) (actual time=0.035..0.130 rows=40 loops=1)
         Recheck Cond: (user_id = 2)
         Heap Blocks: exact=40
         ->  Bitmap Index Scan on adoptions_2026_06_user_id_status_created_at_idx  (cost=0.00..4.75 rows=44 width=0) (actual time=0.030..0.030 rows=40 loops=1)
               Index Cond: (user_id = 2)
   ->  Bitmap Heap Scan on adoptions_2026_07 adoptions_29  (cost=4.77..164.56 rows=45 width=47) (actual time=0.022..0.120 rows=47 loops=1)
         Recheck Cond: (user_id = 2)
         Heap Blocks: exact=47
         ->  Bitmap Index Scan on adoptions_2026_07_user_id_status_created_at_idx  (cost=0.00..4.76 rows=45 width=0) (actual time=0.014..0.015 rows=47 loops=1)
               Index Cond: (user_id = 2)
   ->  Bitmap Heap Scan on adoptions_2026_08 adoptions_30  (cost=4.60..89.98 rows=24 width=50) (actual time=0.018..0.048 rows=21 loops=1)
         Recheck Cond: (user_id = 2)
         Heap Blocks: exact=21
         ->  Bitmap Index Scan on adoptions_2026_08_user_id_status_created_at_idx  (cost=0.00..4.60 rows=24 width=0) (actual time=0.015..0.015 rows=21 loops=1)
               Index Cond: (user_id = 2)
   ->  Bitmap Heap Scan on adoptions_2026_09 adoptions_31  (cost=4.31..17.78 rows=4 width=67) (actual time=0.014..0.018 rows=4 loops=1)
         Recheck Cond: (user_id = 2)
         Heap Blocks: exact=4
         ->  Bitmap Index Scan on adoptions_2026_09_user_id_status_created_at_idx  (cost=0.00..4.31 rows=4 width=0) (actual time=0.012..0.012 rows=4 loops=1)
               Index Cond: (user_id = 2)
   ->  Seq Scan on adoptions_2026_10 adoptions_32  (cost=0.00..0.00 rows=1 width=182) (actual time=0.007..0.007 rows=0 loops=1)
         Filter: (user_id = 2)
   ->  Seq Scan on adoptions_2026_11 adoptions_33  (cost=0.00..0.00 rows=1 width=182) (actual time=0.004..0.004 rows=0 loops=1)
         Filter: (user_id = 2)
   ->  Seq Scan on adoptions_2026_12 adoptions_34  (cost=0.00..0.00 rows=1 width=182) (actual time=0.006..0.006 rows=0 loops=1)
         Filter: (user_id = 2)
   ->  Seq Scan on adoptions_default adoptions_35  (cost=0.00..0.00 rows=1 width=182) (actual time=0.004..0.004 rows=0 loops=1)
         Filter: (user_id = 2)
 Planning Time: 5.305 ms
 Execution Time: 3.932 ms
(148 rows)

                                                                       QUERY PLAN                                                                        
---------------------------------------------------------------------------------------------------------------------------------------------------------
 Gather  (cost=1000.00..116363.91 rows=41813 width=53) (actual time=8.603..50.454 rows=39809 loops=1)
   Workers Planned: 2
   Workers Launched: 2
   ->  Parallel Append  (cost=0.00..111182.61 rows=17441 width=53) (actual time=6.369..17.463 rows=13270 loops=3)
         Subplans Removed: 33
         ->  Parallel Seq Scan on adoptions_2026_08 adoptions_1  (cost=0.00..2664.58 rows=20139 width=50) (actual time=3.998..13.302 rows=10755 loops=3)
               Filter: ((created_at < now()) AND (created_at >= (now() - '30 days'::interval)))
               Rows Removed by Filter: 28417
         ->  Parallel Seq Scan on adoptions_2026_09 adoptions_2  (cost=0.00..185.85 rows=4437 width=67) (actual time=7.141..9.455 rows=7544 loops=1)
               Filter: ((created_at < now()) AND (created_at >= (now() - '30 days'::interval)))
 Planning Time: 1.638 ms
 JIT:
   Functions: 18
   Options: Inlining false, Optimization false, Expressions true, Deforming true
   Timing: Generation 2.472 ms, Inlining 0.000 ms, Optimization 1.851 ms, Emission 28.815 ms, Total 33.138 ms
 Execution Time: 85.162 ms
(16 rows)

                                                                                 QUERY PLAN                                                                                 
----------------------------------------------------------------------------------------------------------------------------------------------------------------------------
 Limit  (cost=3803.17..3803.30 rows=50 width=50) (actual time=1.959..1.979 rows=50 loops=1)
   ->  Sort  (cost=3803.17..3805.77 rows=1037 width=50) (actual time=1.957..1.973 rows=50 loops=1)
         Sort Key: adoptions.created_at DESC
         Sort Method: top-N heapsort  Memory: 33kB
         ->  Append  (cost=0.00..3768.72 rows=1037 width=50) (actual time=0.039..1.689 rows=992 loops=1)
               ->  Seq Scan on adoptions_2024_03 adoptions_1  (cost=0.00..0.00 rows=1 width=182) (actual time=0.003..0.004 rows=0 loops=1)
                     Filter: (user_id = 2)
               ->  Seq Scan on adoptions_2024_04 adoptions_2  (cost=0.00..0.00 rows=1 width=182) (actual time=0.001..0.001 rows=0 loops=1)
                     Filter: (user_id = 2)
               ->  Seq Scan on adoptions_2024_05 adoptions_3  (cost=0.00..0.00 rows=1 width=182) (actual time=0.001..0.001 rows=0 loops=1)
                     Filter: (user_id = 2)
               ->  Seq Scan on adoptions_2024_06 adoptions_4  (cost=0.00..0.00 rows=1 width=182) (actual time=0.003..0.003 rows=0 loops=1)
                     Filter: (user_id = 2)
               ->  Seq Scan on adoptions_2024_07 adoptions_5  (cost=0.00..0.00 rows=1 width=182) (actual time=0.001..0.001 rows=0 loops=1)
                     Filter: (user_id = 2)
               ->  Seq Scan on adoptions_2024_08 adoptions_6  (cost=0.00..0.00 rows=1 width=182) (actual time=0.001..0.001 rows=0 loops=1)
                     Filter: (user_id = 2)
               ->  Bitmap Heap Scan on adoptions_2024_09 adoptions_7  (cost=4.60..89.82 rows=24 width=49) (actual time=0.027..0.054 rows=24 loops=1)
                     Recheck Cond: (user_id = 2)
                     Heap Blocks: exact=24
                     ->  Bitmap Index Scan on adoptions_2024_09_user_id_status_created_at_idx  (cost=0.00..4.60 rows=24 width=0) (actual time=0.019..0.019 rows=24 loops=1)
                           Index Cond: (user_id = 2)
               ->  Bitmap Heap Scan on adoptions_2024_10 adoptions_8  (cost=4.77..164.56 rows=45 width=47) (actual time=0.023..0.070 rows=45 loops=1)
                     Recheck Cond: (user_id = 2)
                     Heap Blocks: exact=45
                     ->  Bitmap Index Scan on adoptions_2024_10_user_id_status_created_at_idx  (cost=0.00..4.76 rows=45 width=0) (actual time=0.016..0.016 rows=45 loops=1)
                           Index Cond: (user_id = 2)
               ->  Bitmap Heap Scan on adoptions_2024_11 adoptions_9  (cost=4.76..160.89 rows=44 width=47) (actual time=0.024..0.066 rows=44 loops=1)
                     Recheck Cond: (user_id = 2)
                     Heap Blocks: exact=44
                     ->  Bitmap Index Scan on adoptions_2024_11_user_id_status_created_at_idx  (cost=0.00..4.75 rows=44 width=0) (actual time=0.018..0.018 rows=44 loops=1)
                           Index Cond: (user_id = 2)
               ->  Bitmap Heap Scan on adoptions_2024_12 adoptions_10  (cost=4.77..164.58 rows=45 width=49) (actual time=0.021..0.068 rows=42 loops=1)
                     Recheck Cond: (user_id = 2)
                     Heap Blocks: exact=42
                     ->  Bitmap Index Scan on adoptions_2024_12_user_id_status_created_at_idx  (cost=0.00..4.76 rows=45 width=0) (actual time=0.014..0.015 rows=42 loops=1)
                           Index Cond: (user_id = 2)
               ->  Bitmap Heap Scan on adoptions_2025_01 adoptions_11  (cost=4.77..164.56 rows=45 width=48) (actual time=0.023..0.063 rows=42 loops=1)
                     Recheck Cond: (user_id = 2)
                     Heap Blocks: exact=42
                     ->  Bitmap Index Scan on adoptions_2025_01_user_id_status_created_at_idx  (cost=0.00..4.76 rows=45 width=0) (actual time=0.016..0.016 rows=42 loops=1)
                           Index Cond: (user_id = 2)
               ->  Bitmap Heap Scan on adoptions_2025_02 adoptions_12  (cost=4.74..150.24 rows=41 width=48) (actual time=0.021..0.058 rows=35 loops=1)
                     Recheck Cond: (user_id = 2)
                     Heap Blocks: exact=35
                     ->  Bitmap Index Scan on adoptions_2025_02_user_id_status_created_at_idx  (cost=0.00..4.73 rows=41 width=0) (actual time=0.016..0.016 rows=35 loops=1)
                           Index Cond: (user_id = 2)
               ->  Bitmap Heap Scan on adoptions_2025_03 adoptions_13  (cost=4.77..164.56 rows=45 width=47) (actual time=0.021..0.066 rows=44 loops=1)
                     Recheck Cond: (user_id = 2)
                     Heap Blocks: exact=44
                     ->  Bitmap Index Scan on adoptions_2025_03_user_id_status_created_at_idx  (cost=0.00..4.76 rows=45 width=0) (actual time=0.015..0.015 rows=44 loops=1)
                           Index Cond: (user_id = 2)
               ->  Bitmap Heap Scan on adoptions_2025_04 adoptions_14  (cost=4.76..160.88 rows=44 width=48) (actual time=0.018..0.059 rows=37 loops=1)
                     Recheck Cond: (user_id = 2)
                     Heap Blocks: exact=37
                     ->  Bitmap Index Scan on adoptions_2025_04_user_id_status_created_at_idx  (cost=0.00..4.75 rows=44 width=0) (actual time=0.013..0.013 rows=37 loops=1)
                           Index Cond: (user_id = 2)
               ->  Bitmap Heap Scan on adoptions_2025_05 adoptions_15  (cost=4.77..164.56 rows=45 width=48) (actual time=0.018..0.061 rows=45 loops=1)
                     Recheck Cond: (user_id = 2)
                     Heap Blocks: exact=45
                     ->  Bitmap Index Scan on adoptions_2025_05_user_id_status_created_at_idx  (cost=0.00..4.76 rows=45 width=0) (actual time=0.013..0.013 rows=45 loops=1)
                           Index Cond: (user_id = 2)
               ->  Bitmap Heap Scan on adoptions_2025_06 adoptions_16  (cost=4.76..160.89 rows=44 width=48) (actual time=0.026..0.071 rows=41 loops=1)
                     Recheck Cond: (user_id = 2)
                     Heap Blocks: exact=41
                     ->  Bitmap Index Scan on adoptions_2025_06_user_id_status_created_at_idx  (cost=0.00..4.75 rows=44 width=0) (actual time=0.021..0.021 rows=41 loops=1)
                           Index Cond: (user_id = 2)
               ->  Bitmap Heap Scan on adoptions_2025_07 adoptions_17  (cost=4.77..164.55 rows=45 width=48) (actual time=0.020..0.078 rows=49 loops=1)
                     Recheck Cond: (user_id = 2)
                     Heap Blocks: exact=49
                     ->  Bitmap Index Scan on adoptions_2025_07_user_id_status_created_at_idx  (cost=0.00..4.76 rows=45 width=0) (actual time=0.013..0.013 rows=49 loops=1)
                           Index Cond: (user_id = 2)
               ->  Bitmap Heap Scan on adoptions_2025_08 adoptions_18  (cost=4.77..164.56 rows=45 width=47) (actual time=0.029..0.079 rows=40 loops=1)
                     Recheck Cond: (user_id = 2)
                     Heap Blocks: exact=40
                     ->  Bitmap Index Scan on adoptions_2025_08_user_id_status_created_at_idx  (cost=0.00..4.76 rows=45 width=0) (actual time=0.024..0.024 rows=40 loops=1)
                           Index Cond: (user_id = 2)
               ->  Bitmap Heap Scan on adoptions_2025_09 adoptions_19  (cost=4.76..160.88 rows=44 width=47) (actual time=0.023..0.064 rows=44 loops=1)
                     Recheck Cond: (user_id = 2)
                     Heap Blocks: exact=44
                     ->  Bitmap Index Scan on adoptions_2025_09_user_id_status_created_at_idx  (cost=0.00..4.75 rows=44 width=0) (actual time=0.017..0.017 rows=44 loops=1)
                           Index Cond: (user_id = 2)
               ->  Bitmap Heap Scan on adoptions_2025_10 adoptions_20  (cost=4.77..164.56 rows=45 width=49) (actual time=0.021..0.068 rows=42 loops=1)
                     Recheck Cond: (user_id = 2)
                     Heap Blocks: exact=42
                     ->  Bitmap Index Scan on adoptions_2025_10_user_id_status_created_at_idx  (cost=0.00..4.76 rows=45 width=0) (actual time=0.014..0.014 rows=42 loops=1)
                           Index Cond: (user_id = 2)
               ->  Bitmap Heap Scan on adoptions_2025_11 adoptions_21  (cost=4.76..160.89 rows=44 width=47) (actual time=0.017..0.052 rows=45 loops=1)
                     Recheck Cond: (user_id = 2)
                     Heap Blocks: exact=45
                     ->  Bitmap Index Scan on adoptions_2025_11_user_id_status_created_at_idx  (cost=0.00..4.75 rows=44 width=0) (actual time=0.011..0.011 rows=45 loops=1)
                           Index Cond: (user_id = 2)
               ->  Bitmap Heap Scan on adoptions_2025_12 adoptions_22  (cost=4.77..164.57 rows=45 width=49) (actual time=0.023..0.069 rows=43 loops=1)
                     Recheck Cond: (user_id = 2)
                     Heap Blocks: exact=43
                     ->  Bitmap Index Scan on adoptions_2025_12_user_id_status_created_at_idx  (cost=0.00..4.76 rows=45 width=0) (actual time=0.017..0.017 rows=43 loops=1)
                           Index Cond: (user_id = 2)
               ->  Bitmap Heap Scan on adoptions_2026_01 adoptions_23  (cost=4.77..164.56 rows=45 width=48) (actual time=0.022..0.077 rows=47 loops=1)
                     Recheck Cond: (user_id = 2)
                     Heap Blocks: exact=47
                     ->  Bitmap Index Scan on adoptions_2026_01_user_id_status_created_at_idx  (cost=0.00..4.76 rows=45 width=0) (actual time=0.015..0.016 rows=47 loops=1)
                           Index Cond: (user_id = 2)
               ->  Bitmap Heap Scan on adoptions_2026_02 adoptions_24  (cost=4.74..150.24 rows=41 width=49) (actual time=0.019..0.049 rows=37 loops=1)
                     Recheck Cond: (user_id = 2)
                     Heap Blocks: exact=37
                     ->  Bitmap Index Scan on adoptions_2026_02_user_id_status_created_at_idx  (cost=0.00..4.73 rows=41 width=0) (actual time=0.013..0.013 rows=37 loops=1)
                           Index Cond: (user_id = 2)
               ->  Bitmap Heap Scan on adoptions_2026_03 adoptions_25  (cost=4.77..164.56 rows=45 width=47) (actual time=0.023..0.089 rows=47 loops=1)
                     Recheck Cond: (user_id = 2)
                     Heap Blocks: exact=47
                     ->  Bitmap Index Scan on adoptions_2026_03_user_id_status_created_at_idx  (cost=0.00..4.76 rows=45 width=0) (actual time=0.016..0.016 rows=47 loops=1)
                           Index Cond: (user_id = 2)
               ->  Bitmap Heap Scan on adoptions_2026_04 adoptions_26  (cost=4.76..160.90 rows=44 width=48) (actual time=0.018..0.052 rows=40 loops=1)
                     Recheck Cond: (user_id = 2)
                     Heap Blocks: exact=39
                     ->  Bitmap Index Scan on adoptions_2026_04_user_id_status_created_at_idx  (cost=0.00..4.75 rows=44 width=0) (actual time=0.013..0.013 rows=40 loops=1)
                           Index Cond: (user_id = 2)
               ->  Bitmap Heap Scan on adoptions_2026_05 adoptions_27  (cost=4.77..164.56 rows=45 width=48) (actual time=0.022..0.079 rows=47 loops=1)
                     Recheck Cond: (user_id = 2)
                     Heap Blocks: exact=47
                     ->  Bitmap Index Scan on adoptions_2026_05_user_id_status_created_at_idx  (cost=0.00..4.76 rows=45 width=0) (actual time=0.015..0.015 rows=47 loops=1)
                           Index Cond: (user_id = 2)
               ->  Bitmap Heap Scan on adoptions_2026_06 adoptions_28  (cost=4.76..160.90 rows=44 width=47) (actual time=0.020..0.064 rows=40 loops=1)
                     Recheck Cond: (user_id = 2)
                     Heap Blocks: exact=40
                     ->  Bitmap Index Scan on adoptions_2026_06_user_id_status_created_at_idx  (cost=0.00..4.75 rows=44 width=0) (actual time=0.015..0.015 rows=40 loops=1)
                           Index Cond: (user_id = 2)
               ->  Bitmap Heap Scan on adoptions_2026_07 adoptions_29  (cost=4.77..164.56 rows=45 width=47) (actual time=0.024..0.078 rows=47 loops=1)
                     Recheck Cond: (user_id = 2)
                     Heap Blocks: exact=47
                     ->  Bitmap Index Scan on adoptions_2026_07_user_id_status_created_at_idx  (cost=0.00..4.76 rows=45 width=0) (actual time=0.012..0.012 rows=47 loops=1)
                           Index Cond: (user_id = 2)
               ->  Bitmap Heap Scan on adoptions_2026_08 adoptions_30  (cost=4.60..89.98 rows=24 width=50) (actual time=0.014..0.031 rows=21 loops=1)
                     Recheck Cond: (user_id = 2)
                     Heap Blocks: exact=21
                     ->  Bitmap Index Scan on adoptions_2026_08_user_id_status_created_at_idx  (cost=0.00..4.60 rows=24 width=0) (actual time=0.011..0.011 rows=21 loops=1)
                           Index Cond: (user_id = 2)
               ->  Bitmap Heap Scan on adoptions_2026_09 adoptions_31  (cost=4.31..17.78 rows=4 width=67) (actual time=0.014..0.017 rows=4 loops=1)
                     Recheck Cond: (user_id = 2)
                     Heap Blocks: exact=4
                     ->  Bitmap Index Scan on adoptions_2026_09_user_id_status_created_at_idx  (cost=0.00..4.31 rows=4 width=0) (actual time=0.012..0.012 rows=4 loops=1)
                           Index Cond: (user_id = 2)
               ->  Seq Scan on adoptions_2026_10 adoptions_32  (cost=0.00..0.00 rows=1 width=182) (actual time=0.003..0.003 rows=0 loops=1)
                     Filter: (user_id = 2)
               ->  Seq Scan on adoptions_2026_11 adoptions_33  (cost=0.00..0.00 rows=1 width=182) (actual time=0.001..0.001 rows=0 loops=1)
                     Filter: (user_id = 2)
               ->  Seq Scan on adoptions_2026_12 adoptions_34  (cost=0.00..0.00 rows=1 width=182) (actual time=0.001..0.001 rows=0 loops=1)
                     Filter: (user_id = 2)
               ->  Seq Scan on adoptions_default adoptions_35  (cost=0.00..0.00 rows=1 width=182) (actual time=0.001..0.001 rows=0 loops=1)
                     Filter: (user_id = 2)
 Planning Time: 1.160 ms
 Execution Time: 2.767 ms
(152 rows)

