LIVE 1m
  count  
---------
 5000000
(1 row)

                                                                           QUERY PLAN                                                                           
----------------------------------------------------------------------------------------------------------------------------------------------------------------
 Append  (cost=0.00..3712.01 rows=1020 width=50) (actual time=0.345..7.357 rows=992 loops=1)
   ->  Seq Scan on adoptions_2024_03 adoptions_1  (cost=0.00..0.00 rows=1 width=182) (actual time=0.008..0.008 rows=0 loops=1)
         Filter: (user_id = 2)
   ->  Seq Scan on adoptions_2024_04 adoptions_2  (cost=0.00..0.00 rows=1 width=182) (actual time=0.002..0.002 rows=0 loops=1)
         Filter: (user_id = 2)
   ->  Seq Scan on adoptions_2024_05 adoptions_3  (cost=0.00..0.00 rows=1 width=182) (actual time=0.001..0.001 rows=0 loops=1)
         Filter: (user_id = 2)
   ->  Seq Scan on adoptions_2024_06 adoptions_4  (cost=0.00..0.00 rows=1 width=182) (actual time=0.003..0.004 rows=0 loops=1)
         Filter: (user_id = 2)
   ->  Seq Scan on adoptions_2024_07 adoptions_5  (cost=0.00..0.00 rows=1 width=182) (actual time=0.002..0.002 rows=0 loops=1)
         Filter: (user_id = 2)
   ->  Seq Scan on adoptions_2024_08 adoptions_6  (cost=0.00..0.00 rows=1 width=182) (actual time=0.002..0.002 rows=0 loops=1)
         Filter: (user_id = 2)
   ->  Bitmap Heap Scan on adoptions_2024_09 adoptions_7  (cost=4.60..89.82 rows=24 width=49) (actual time=0.325..0.472 rows=24 loops=1)
         Recheck Cond: (user_id = 2)
         Heap Blocks: exact=24
         ->  Bitmap Index Scan on adoptions_2024_09_user_id_status_created_at_idx  (cost=0.00..4.60 rows=24 width=0) (actual time=0.294..0.294 rows=24 loops=1)
               Index Cond: (user_id = 2)
   ->  Bitmap Heap Scan on adoptions_2024_10 adoptions_8  (cost=4.77..164.56 rows=45 width=47) (actual time=0.164..0.353 rows=45 loops=1)
         Recheck Cond: (user_id = 2)
         Heap Blocks: exact=45
         ->  Bitmap Index Scan on adoptions_2024_10_user_id_status_created_at_idx  (cost=0.00..4.76 rows=45 width=0) (actual time=0.148..0.148 rows=45 loops=1)
               Index Cond: (user_id = 2)
   ->  Bitmap Heap Scan on adoptions_2024_11 adoptions_9  (cost=4.76..160.89 rows=44 width=47) (actual time=0.169..0.329 rows=44 loops=1)
         Recheck Cond: (user_id = 2)
         Heap Blocks: exact=44
         ->  Bitmap Index Scan on adoptions_2024_11_user_id_status_created_at_idx  (cost=0.00..4.75 rows=44 width=0) (actual time=0.153..0.153 rows=44 loops=1)
               Index Cond: (user_id = 2)
   ->  Bitmap Heap Scan on adoptions_2024_12 adoptions_10  (cost=4.77..164.58 rows=45 width=49) (actual time=0.174..0.338 rows=42 loops=1)
         Recheck Cond: (user_id = 2)
         Heap Blocks: exact=42
         ->  Bitmap Index Scan on adoptions_2024_12_user_id_status_created_at_idx  (cost=0.00..4.76 rows=45 width=0) (actual time=0.155..0.155 rows=42 loops=1)
               Index Cond: (user_id = 2)
   ->  Bitmap Heap Scan on adoptions_2025_01 adoptions_11  (cost=4.77..164.56 rows=45 width=48) (actual time=0.174..0.325 rows=42 loops=1)
         Recheck Cond: (user_id = 2)
         Heap Blocks: exact=42
         ->  Bitmap Index Scan on adoptions_2025_01_user_id_status_created_at_idx  (cost=0.00..4.76 rows=45 width=0) (actual time=0.157..0.157 rows=42 loops=1)
               Index Cond: (user_id = 2)
   ->  Bitmap Heap Scan on adoptions_2025_02 adoptions_12  (cost=4.74..150.24 rows=41 width=48) (actual time=0.157..0.279 rows=35 loops=1)
         Recheck Cond: (user_id = 2)
         Heap Blocks: exact=35
         ->  Bitmap Index Scan on adoptions_2025_02_user_id_status_created_at_idx  (cost=0.00..4.73 rows=41 width=0) (actual time=0.143..0.143 rows=35 loops=1)
               Index Cond: (user_id = 2)
   ->  Bitmap Heap Scan on adoptions_2025_03 adoptions_13  (cost=4.77..164.56 rows=45 width=47) (actual time=0.266..0.425 rows=44 loops=1)
         Recheck Cond: (user_id = 2)
         Heap Blocks: exact=44
         ->  Bitmap Index Scan on adoptions_2025_03_user_id_status_created_at_idx  (cost=0.00..4.76 rows=45 width=0) (actual time=0.249..0.250 rows=44 loops=1)
               Index Cond: (user_id = 2)
   ->  Bitmap Heap Scan on adoptions_2025_04 adoptions_14  (cost=4.76..160.88 rows=44 width=48) (actual time=0.142..0.273 rows=37 loops=1)
         Recheck Cond: (user_id = 2)
         Heap Blocks: exact=37
         ->  Bitmap Index Scan on adoptions_2025_04_user_id_status_created_at_idx  (cost=0.00..4.75 rows=44 width=0) (actual time=0.126..0.126 rows=37 loops=1)
               Index Cond: (user_id = 2)
   ->  Bitmap Heap Scan on adoptions_2025_05 adoptions_15  (cost=4.76..161.22 rows=44 width=48) (actual time=0.159..0.291 rows=45 loops=1)
         Recheck Cond: (user_id = 2)
         Heap Blocks: exact=45
         ->  Bitmap Index Scan on adoptions_2025_05_user_id_status_created_at_idx  (cost=0.00..4.75 rows=44 width=0) (actual time=0.145..0.145 rows=45 loops=1)
               Index Cond: (user_id = 2)
   ->  Bitmap Heap Scan on adoptions_2025_06 adoptions_16  (cost=4.75..157.57 rows=43 width=48) (actual time=0.175..0.322 rows=41 loops=1)
         Recheck Cond: (user_id = 2)
         Heap Blocks: exact=41
         ->  Bitmap Index Scan on adoptions_2025_06_user_id_status_created_at_idx  (cost=0.00..4.74 rows=43 width=0) (actual time=0.164..0.165 rows=41 loops=1)
               Index Cond: (user_id = 2)
   ->  Bitmap Heap Scan on adoptions_2025_07 adoptions_17  (cost=4.76..161.22 rows=44 width=48) (actual time=0.194..0.309 rows=49 loops=1)
         Recheck Cond: (user_id = 2)
         Heap Blocks: exact=49
         ->  Bitmap Index Scan on adoptions_2025_07_user_id_status_created_at_idx  (cost=0.00..4.75 rows=44 width=0) (actual time=0.185..0.185 rows=49 loops=1)
               Index Cond: (user_id = 2)
   ->  Bitmap Heap Scan on adoptions_2025_08 adoptions_18  (cost=4.76..161.22 rows=44 width=47) (actual time=0.159..0.279 rows=40 loops=1)
         Recheck Cond: (user_id = 2)
         Heap Blocks: exact=40
         ->  Bitmap Index Scan on adoptions_2025_08_user_id_status_created_at_idx  (cost=0.00..4.75 rows=44 width=0) (actual time=0.152..0.152 rows=40 loops=1)
               Index Cond: (user_id = 2)
   ->  Bitmap Heap Scan on adoptions_2025_09 adoptions_19  (cost=4.75..154.21 rows=42 width=47) (actual time=0.164..0.323 rows=44 loops=1)
         Recheck Cond: (user_id = 2)
         Heap Blocks: exact=44
         ->  Bitmap Index Scan on adoptions_2025_09_user_id_status_created_at_idx  (cost=0.00..4.74 rows=42 width=0) (actual time=0.153..0.153 rows=44 loops=1)
               Index Cond: (user_id = 2)
   ->  Bitmap Heap Scan on adoptions_2025_10 adoptions_20  (cost=4.76..161.23 rows=44 width=49) (actual time=0.163..0.272 rows=42 loops=1)
         Recheck Cond: (user_id = 2)
         Heap Blocks: exact=42
         ->  Bitmap Index Scan on adoptions_2025_10_user_id_status_created_at_idx  (cost=0.00..4.75 rows=44 width=0) (actual time=0.151..0.151 rows=42 loops=1)
               Index Cond: (user_id = 2)
   ->  Bitmap Heap Scan on adoptions_2025_11 adoptions_21  (cost=4.75..157.57 rows=43 width=47) (actual time=0.154..0.254 rows=45 loops=1)
         Recheck Cond: (user_id = 2)
         Heap Blocks: exact=45
         ->  Bitmap Index Scan on adoptions_2025_11_user_id_status_created_at_idx  (cost=0.00..4.74 rows=43 width=0) (actual time=0.143..0.144 rows=45 loops=1)
               Index Cond: (user_id = 2)
   ->  Bitmap Heap Scan on adoptions_2025_12 adoptions_22  (cost=4.76..161.23 rows=44 width=49) (actual time=0.158..0.304 rows=43 loops=1)
         Recheck Cond: (user_id = 2)
         Heap Blocks: exact=43
         ->  Bitmap Index Scan on adoptions_2025_12_user_id_status_created_at_idx  (cost=0.00..4.75 rows=44 width=0) (actual time=0.147..0.148 rows=43 loops=1)
               Index Cond: (user_id = 2)
   ->  Bitmap Heap Scan on adoptions_2026_01 adoptions_23  (cost=4.76..161.22 rows=44 width=48) (actual time=0.160..0.289 rows=47 loops=1)
         Recheck Cond: (user_id = 2)
         Heap Blocks: exact=47
         ->  Bitmap Index Scan on adoptions_2026_01_user_id_status_created_at_idx  (cost=0.00..4.75 rows=44 width=0) (actual time=0.149..0.149 rows=47 loops=1)
               Index Cond: (user_id = 2)
   ->  Bitmap Heap Scan on adoptions_2026_02 adoptions_24  (cost=4.73..146.91 rows=40 width=49) (actual time=0.156..0.286 rows=37 loops=1)
         Recheck Cond: (user_id = 2)
         Heap Blocks: exact=37
         ->  Bitmap Index Scan on adoptions_2026_02_user_id_status_created_at_idx  (cost=0.00..4.72 rows=40 width=0) (actual time=0.143..0.143 rows=37 loops=1)
               Index Cond: (user_id = 2)
   ->  Bitmap Heap Scan on adoptions_2026_03 adoptions_25  (cost=4.76..161.23 rows=44 width=47) (actual time=0.144..0.301 rows=47 loops=1)
         Recheck Cond: (user_id = 2)
         Heap Blocks: exact=47
         ->  Bitmap Index Scan on adoptions_2026_03_user_id_status_created_at_idx  (cost=0.00..4.75 rows=44 width=0) (actual time=0.133..0.133 rows=47 loops=1)
               Index Cond: (user_id = 2)
   ->  Bitmap Heap Scan on adoptions_2026_04 adoptions_26  (cost=4.75..157.57 rows=43 width=48) (actual time=0.168..0.220 rows=40 loops=1)
         Recheck Cond: (user_id = 2)
         Heap Blocks: exact=39
         ->  Bitmap Index Scan on adoptions_2026_04_user_id_status_created_at_idx  (cost=0.00..4.74 rows=43 width=0) (actual time=0.159..0.159 rows=40 loops=1)
               Index Cond: (user_id = 2)
   ->  Bitmap Heap Scan on adoptions_2026_05 adoptions_27  (cost=4.76..161.22 rows=44 width=48) (actual time=0.137..0.222 rows=47 loops=1)
         Recheck Cond: (user_id = 2)
         Heap Blocks: exact=47
         ->  Bitmap Index Scan on adoptions_2026_05_user_id_status_created_at_idx  (cost=0.00..4.75 rows=44 width=0) (actual time=0.130..0.130 rows=47 loops=1)
               Index Cond: (user_id = 2)
   ->  Bitmap Heap Scan on adoptions_2026_06 adoptions_28  (cost=4.75..157.58 rows=43 width=47) (actual time=0.119..0.171 rows=40 loops=1)
         Recheck Cond: (user_id = 2)
         Heap Blocks: exact=40
         ->  Bitmap Index Scan on adoptions_2026_06_user_id_status_created_at_idx  (cost=0.00..4.74 rows=43 width=0) (actual time=0.113..0.113 rows=40 loops=1)
               Index Cond: (user_id = 2)
   ->  Bitmap Heap Scan on adoptions_2026_07 adoptions_29  (cost=4.76..161.22 rows=44 width=47) (actual time=0.146..0.216 rows=47 loops=1)
         Recheck Cond: (user_id = 2)
         Heap Blocks: exact=47
         ->  Bitmap Index Scan on adoptions_2026_07_user_id_status_created_at_idx  (cost=0.00..4.75 rows=44 width=0) (actual time=0.138..0.138 rows=47 loops=1)
               Index Cond: (user_id = 2)
   ->  Bitmap Heap Scan on adoptions_2026_08 adoptions_30  (cost=4.60..86.63 rows=23 width=50) (actual time=0.153..0.224 rows=21 loops=1)
         Recheck Cond: (user_id = 2)
         Heap Blocks: exact=21
         ->  Bitmap Index Scan on adoptions_2026_08_user_id_status_created_at_idx  (cost=0.00..4.59 rows=23 width=0) (actual time=0.144..0.145 rows=21 loops=1)
               Index Cond: (user_id = 2)
   ->  Bitmap Heap Scan on adoptions_2026_09 adoptions_31  (cost=4.31..17.78 rows=4 width=67) (actual time=0.115..0.129 rows=4 loops=1)
         Recheck Cond: (user_id = 2)
         Heap Blocks: exact=4
         ->  Bitmap Index Scan on adoptions_2026_09_user_id_status_created_at_idx  (cost=0.00..4.31 rows=4 width=0) (actual time=0.104..0.105 rows=4 loops=1)
               Index Cond: (user_id = 2)
   ->  Seq Scan on adoptions_2026_10 adoptions_32  (cost=0.00..0.00 rows=1 width=182) (actual time=0.006..0.006 rows=0 loops=1)
         Filter: (user_id = 2)
   ->  Seq Scan on adoptions_2026_11 adoptions_33  (cost=0.00..0.00 rows=1 width=182) (actual time=0.002..0.002 rows=0 loops=1)
         Filter: (user_id = 2)
   ->  Seq Scan on adoptions_2026_12 adoptions_34  (cost=0.00..0.00 rows=1 width=182) (actual time=0.010..0.011 rows=0 loops=1)
         Filter: (user_id = 2)
   ->  Seq Scan on adoptions_default adoptions_35  (cost=0.00..0.00 rows=1 width=182) (actual time=0.003..0.003 rows=0 loops=1)
         Filter: (user_id = 2)
 Planning Time: 4.916 ms
 Execution Time: 8.343 ms
(148 rows)

                                                                       QUERY PLAN                                                                        
---------------------------------------------------------------------------------------------------------------------------------------------------------
 Gather  (cost=1000.00..115021.17 rows=40395 width=53) (actual time=8.876..50.175 rows=39809 loops=1)
   Workers Planned: 2
   Workers Launched: 2
   ->  Parallel Append  (cost=0.00..109981.67 rows=16850 width=53) (actual time=6.586..18.163 rows=13270 loops=3)
         Subplans Removed: 33
         ->  Parallel Seq Scan on adoptions_2026_08 adoptions_1  (cost=0.00..2597.37 rows=19305 width=50) (actual time=4.147..14.043 rows=10755 loops=3)
               Filter: ((created_at < now()) AND (created_at >= (now() - '30 days'::interval)))
               Rows Removed by Filter: 28417
         ->  Parallel Seq Scan on adoptions_2026_09 adoptions_2  (cost=0.00..185.85 rows=4437 width=67) (actual time=7.360..9.679 rows=7544 loops=1)
               Filter: ((created_at < now()) AND (created_at >= (now() - '30 days'::interval)))
 Planning Time: 1.613 ms
 JIT:
   Functions: 18
   Options: Inlining false, Optimization false, Expressions true, Deforming true
   Timing: Generation 2.461 ms, Inlining 0.000 ms, Optimization 1.658 ms, Emission 29.383 ms, Total 33.501 ms
 Execution Time: 78.167 ms
(16 rows)

                                                                                 QUERY PLAN                                                                                 
----------------------------------------------------------------------------------------------------------------------------------------------------------------------------
 Limit  (cost=3745.89..3746.01 rows=50 width=50) (actual time=2.119..2.151 rows=50 loops=1)
   ->  Sort  (cost=3745.89..3748.44 rows=1020 width=50) (actual time=2.116..2.144 rows=50 loops=1)
         Sort Key: adoptions.created_at DESC
         Sort Method: top-N heapsort  Memory: 33kB
         ->  Append  (cost=0.00..3712.01 rows=1020 width=50) (actual time=0.039..1.826 rows=992 loops=1)
               ->  Seq Scan on adoptions_2024_03 adoptions_1  (cost=0.00..0.00 rows=1 width=182) (actual time=0.003..0.004 rows=0 loops=1)
                     Filter: (user_id = 2)
               ->  Seq Scan on adoptions_2024_04 adoptions_2  (cost=0.00..0.00 rows=1 width=182) (actual time=0.001..0.001 rows=0 loops=1)
                     Filter: (user_id = 2)
               ->  Seq Scan on adoptions_2024_05 adoptions_3  (cost=0.00..0.00 rows=1 width=182) (actual time=0.001..0.001 rows=0 loops=1)
                     Filter: (user_id = 2)
               ->  Seq Scan on adoptions_2024_06 adoptions_4  (cost=0.00..0.00 rows=1 width=182) (actual time=0.004..0.004 rows=0 loops=1)
                     Filter: (user_id = 2)
               ->  Seq Scan on adoptions_2024_07 adoptions_5  (cost=0.00..0.00 rows=1 width=182) (actual time=0.001..0.001 rows=0 loops=1)
                     Filter: (user_id = 2)
               ->  Seq Scan on adoptions_2024_08 adoptions_6  (cost=0.00..0.00 rows=1 width=182) (actual time=0.001..0.001 rows=0 loops=1)
                     Filter: (user_id = 2)
               ->  Bitmap Heap Scan on adoptions_2024_09 adoptions_7  (cost=4.60..89.82 rows=24 width=49) (actual time=0.026..0.056 rows=24 loops=1)
                     Recheck Cond: (user_id = 2)
                     Heap Blocks: exact=24
                     ->  Bitmap Index Scan on adoptions_2024_09_user_id_status_created_at_idx  (cost=0.00..4.60 rows=24 width=0) (actual time=0.018..0.018 rows=24 loops=1)
                           Index Cond: (user_id = 2)
               ->  Bitmap Heap Scan on adoptions_2024_10 adoptions_8  (cost=4.77..164.56 rows=45 width=47) (actual time=0.026..0.074 rows=45 loops=1)
                     Recheck Cond: (user_id = 2)
                     Heap Blocks: exact=45
                     ->  Bitmap Index Scan on adoptions_2024_10_user_id_status_created_at_idx  (cost=0.00..4.76 rows=45 width=0) (actual time=0.019..0.020 rows=45 loops=1)
                           Index Cond: (user_id = 2)
               ->  Bitmap Heap Scan on adoptions_2024_11 adoptions_9  (cost=4.76..160.89 rows=44 width=47) (actual time=0.026..0.086 rows=44 loops=1)
                     Recheck Cond: (user_id = 2)
                     Heap Blocks: exact=44
                     ->  Bitmap Index Scan on adoptions_2024_11_user_id_status_created_at_idx  (cost=0.00..4.75 rows=44 width=0) (actual time=0.016..0.017 rows=44 loops=1)
                           Index Cond: (user_id = 2)
               ->  Bitmap Heap Scan on adoptions_2024_12 adoptions_10  (cost=4.77..164.58 rows=45 width=49) (actual time=0.022..0.062 rows=42 loops=1)
                     Recheck Cond: (user_id = 2)
                     Heap Blocks: exact=42
                     ->  Bitmap Index Scan on adoptions_2024_12_user_id_status_created_at_idx  (cost=0.00..4.76 rows=45 width=0) (actual time=0.016..0.016 rows=42 loops=1)
                           Index Cond: (user_id = 2)
               ->  Bitmap Heap Scan on adoptions_2025_01 adoptions_11  (cost=4.77..164.56 rows=45 width=48) (actual time=0.023..0.059 rows=42 loops=1)
                     Recheck Cond: (user_id = 2)
                     Heap Blocks: exact=42
                     ->  Bitmap Index Scan on adoptions_2025_01_user_id_status_created_at_idx  (cost=0.00..4.76 rows=45 width=0) (actual time=0.016..0.016 rows=42 loops=1)
                           Index Cond: (user_id = 2)
               ->  Bitmap Heap Scan on adoptions_2025_02 adoptions_12  (cost=4.74..150.24 rows=41 width=48) (actual time=0.020..0.054 rows=35 loops=1)
                     Recheck Cond: (user_id = 2)
                     Heap Blocks: exact=35
                     ->  Bitmap Index Scan on adoptions_2025_02_user_id_status_created_at_idx  (cost=0.00..4.73 rows=41 width=0) (actual time=0.015..0.016 rows=35 loops=1)
                           Index Cond: (user_id = 2)
               ->  Bitmap Heap Scan on adoptions_2025_03 adoptions_13  (cost=4.77..164.56 rows=45 width=47) (actual time=0.035..0.075 rows=44 loops=1)
                     Recheck Cond: (user_id = 2)
                     Heap Blocks: exact=44
                     ->  Bitmap Index Scan on adoptions_2025_03_user_id_status_created_at_idx  (cost=0.00..4.76 rows=45 width=0) (actual time=0.029..0.029 rows=44 loops=1)
                           Index Cond: (user_id = 2)
               ->  Bitmap Heap Scan on adoptions_2025_04 adoptions_14  (cost=4.76..160.88 rows=44 width=48) (actual time=0.018..0.050 rows=37 loops=1)
                     Recheck Cond: (user_id = 2)
                     Heap Blocks: exact=37
                     ->  Bitmap Index Scan on adoptions_2025_04_user_id_status_created_at_idx  (cost=0.00..4.75 rows=44 width=0) (actual time=0.013..0.014 rows=37 loops=1)
                           Index Cond: (user_id = 2)
               ->  Bitmap Heap Scan on adoptions_2025_05 adoptions_15  (cost=4.76..161.22 rows=44 width=48) (actual time=0.017..0.074 rows=45 loops=1)
                     Recheck Cond: (user_id = 2)
                     Heap Blocks: exact=45
                     ->  Bitmap Index Scan on adoptions_2025_05_user_id_status_created_at_idx  (cost=0.00..4.75 rows=44 width=0) (actual time=0.011..0.011 rows=45 loops=1)
                           Index Cond: (user_id = 2)
               ->  Bitmap Heap Scan on adoptions_2025_06 adoptions_16  (cost=4.75..157.57 rows=43 width=48) (actual time=0.028..0.064 rows=41 loops=1)
                     Recheck Cond: (user_id = 2)
                     Heap Blocks: exact=41
                     ->  Bitmap Index Scan on adoptions_2025_06_user_id_status_created_at_idx  (cost=0.00..4.74 rows=43 width=0) (actual time=0.023..0.023 rows=41 loops=1)
                           Index Cond: (user_id = 2)
               ->  Bitmap Heap Scan on adoptions_2025_07 adoptions_17  (cost=4.76..161.22 rows=44 width=48) (actual time=0.019..0.083 rows=49 loops=1)
                     Recheck Cond: (user_id = 2)
                     Heap Blocks: exact=49
                     ->  Bitmap Index Scan on adoptions_2025_07_user_id_status_created_at_idx  (cost=0.00..4.75 rows=44 width=0) (actual time=0.013..0.013 rows=49 loops=1)
                           Index Cond: (user_id = 2)
               ->  Bitmap Heap Scan on adoptions_2025_08 adoptions_18  (cost=4.76..161.22 rows=44 width=47) (actual time=0.019..0.070 rows=40 loops=1)
                     Recheck Cond: (user_id = 2)
                     Heap Blocks: exact=40
                     ->  Bitmap Index Scan on adoptions_2025_08_user_id_status_created_at_idx  (cost=0.00..4.75 rows=44 width=0) (actual time=0.014..0.014 rows=40 loops=1)
                           Index Cond: (user_id = 2)
               ->  Bitmap Heap Scan on adoptions_2025_09 adoptions_19  (cost=4.75..154.21 rows=42 width=47) (actual time=0.046..0.089 rows=44 loops=1)
                     Recheck Cond: (user_id = 2)
                     Heap Blocks: exact=44
                     ->  Bitmap Index Scan on adoptions_2025_09_user_id_status_created_at_idx  (cost=0.00..4.74 rows=42 width=0) (actual time=0.040..0.040 rows=44 loops=1)
                           Index Cond: (user_id = 2)
               ->  Bitmap Heap Scan on adoptions_2025_10 adoptions_20  (cost=4.76..161.23 rows=44 width=49) (actual time=0.022..0.074 rows=42 loops=1)
                     Recheck Cond: (user_id = 2)
                     Heap Blocks: exact=42
                     ->  Bitmap Index Scan on adoptions_2025_10_user_id_status_created_at_idx  (cost=0.00..4.75 rows=44 width=0) (actual time=0.016..0.016 rows=42 loops=1)
                           Index Cond: (user_id = 2)
               ->  Bitmap Heap Scan on adoptions_2025_11 adoptions_21  (cost=4.75..157.57 rows=43 width=47) (actual time=0.024..0.080 rows=45 loops=1)
                     Recheck Cond: (user_id = 2)
                     Heap Blocks: exact=45
                     ->  Bitmap Index Scan on adoptions_2025_11_user_id_status_created_at_idx  (cost=0.00..4.74 rows=43 width=0) (actual time=0.016..0.016 rows=45 loops=1)
                           Index Cond: (user_id = 2)
               ->  Bitmap Heap Scan on adoptions_2025_12 adoptions_22  (cost=4.76..161.23 rows=44 width=49) (actual time=0.029..0.077 rows=43 loops=1)
                     Recheck Cond: (user_id = 2)
                     Heap Blocks: exact=43
                     ->  Bitmap Index Scan on adoptions_2025_12_user_id_status_created_at_idx  (cost=0.00..4.75 rows=44 width=0) (actual time=0.021..0.021 rows=43 loops=1)
                           Index Cond: (user_id = 2)
               ->  Bitmap Heap Scan on adoptions_2026_01 adoptions_23  (cost=4.76..161.22 rows=44 width=48) (actual time=0.021..0.069 rows=47 loops=1)
                     Recheck Cond: (user_id = 2)
                     Heap Blocks: exact=47
                     ->  Bitmap Index Scan on adoptions_2026_01_user_id_status_created_at_idx  (cost=0.00..4.75 rows=44 width=0) (actual time=0.014..0.015 rows=47 loops=1)
                           Index Cond: (user_id = 2)
               ->  Bitmap Heap Scan on adoptions_2026_02 adoptions_24  (cost=4.73..146.91 rows=40 width=49) (actual time=0.021..0.059 rows=37 loops=1)
                     Recheck Cond: (user_id = 2)
                     Heap Blocks: exact=37
                     ->  Bitmap Index Scan on adoptions_2026_02_user_id_status_created_at_idx  (cost=0.00..4.72 rows=40 width=0) (actual time=0.014..0.014 rows=37 loops=1)
                           Index Cond: (user_id = 2)
               ->  Bitmap Heap Scan on adoptions_2026_03 adoptions_25  (cost=4.76..161.23 rows=44 width=47) (actual time=0.025..0.064 rows=47 loops=1)
                     Recheck Cond: (user_id = 2)
                     Heap Blocks: exact=47
                     ->  Bitmap Index Scan on adoptions_2026_03_user_id_status_created_at_idx  (cost=0.00..4.75 rows=44 width=0) (actual time=0.018..0.018 rows=47 loops=1)
                           Index Cond: (user_id = 2)
               ->  Bitmap Heap Scan on adoptions_2026_04 adoptions_26  (cost=4.75..157.57 rows=43 width=48) (actual time=0.019..0.068 rows=40 loops=1)
                     Recheck Cond: (user_id = 2)
                     Heap Blocks: exact=39
                     ->  Bitmap Index Scan on adoptions_2026_04_user_id_status_created_at_idx  (cost=0.00..4.74 rows=43 width=0) (actual time=0.012..0.012 rows=40 loops=1)
                           Index Cond: (user_id = 2)
               ->  Bitmap Heap Scan on adoptions_2026_05 adoptions_27  (cost=4.76..161.22 rows=44 width=48) (actual time=0.023..0.082 rows=47 loops=1)
                     Recheck Cond: (user_id = 2)
                     Heap Blocks: exact=47
                     ->  Bitmap Index Scan on adoptions_2026_05_user_id_status_created_at_idx  (cost=0.00..4.75 rows=44 width=0) (actual time=0.016..0.017 rows=47 loops=1)
                           Index Cond: (user_id = 2)
               ->  Bitmap Heap Scan on adoptions_2026_06 adoptions_28  (cost=4.75..157.58 rows=43 width=47) (actual time=0.024..0.076 rows=40 loops=1)
                     Recheck Cond: (user_id = 2)
                     Heap Blocks: exact=40
                     ->  Bitmap Index Scan on adoptions_2026_06_user_id_status_created_at_idx  (cost=0.00..4.74 rows=43 width=0) (actual time=0.019..0.019 rows=40 loops=1)
                           Index Cond: (user_id = 2)
               ->  Bitmap Heap Scan on adoptions_2026_07 adoptions_29  (cost=4.76..161.22 rows=44 width=47) (actual time=0.039..0.100 rows=47 loops=1)
                     Recheck Cond: (user_id = 2)
                     Heap Blocks: exact=47
                     ->  Bitmap Index Scan on adoptions_2026_07_user_id_status_created_at_idx  (cost=0.00..4.75 rows=44 width=0) (actual time=0.012..0.012 rows=47 loops=1)
                           Index Cond: (user_id = 2)
               ->  Bitmap Heap Scan on adoptions_2026_08 adoptions_30  (cost=4.60..86.63 rows=23 width=50) (actual time=0.019..0.039 rows=21 loops=1)
                     Recheck Cond: (user_id = 2)
                     Heap Blocks: exact=21
                     ->  Bitmap Index Scan on adoptions_2026_08_user_id_status_created_at_idx  (cost=0.00..4.59 rows=23 width=0) (actual time=0.015..0.015 rows=21 loops=1)
                           Index Cond: (user_id = 2)
               ->  Bitmap Heap Scan on adoptions_2026_09 adoptions_31  (cost=4.31..17.78 rows=4 width=67) (actual time=0.017..0.020 rows=4 loops=1)
                     Recheck Cond: (user_id = 2)
                     Heap Blocks: exact=4
                     ->  Bitmap Index Scan on adoptions_2026_09_user_id_status_created_at_idx  (cost=0.00..4.31 rows=4 width=0) (actual time=0.014..0.014 rows=4 loops=1)
                           Index Cond: (user_id = 2)
               ->  Seq Scan on adoptions_2026_10 adoptions_32  (cost=0.00..0.00 rows=1 width=182) (actual time=0.007..0.008 rows=0 loops=1)
                     Filter: (user_id = 2)
               ->  Seq Scan on adoptions_2026_11 adoptions_33  (cost=0.00..0.00 rows=1 width=182) (actual time=0.002..0.002 rows=0 loops=1)
                     Filter: (user_id = 2)
               ->  Seq Scan on adoptions_2026_12 adoptions_34  (cost=0.00..0.00 rows=1 width=182) (actual time=0.002..0.002 rows=0 loops=1)
                     Filter: (user_id = 2)
               ->  Seq Scan on adoptions_default adoptions_35  (cost=0.00..0.00 rows=1 width=182) (actual time=0.001..0.001 rows=0 loops=1)
                     Filter: (user_id = 2)
 Planning Time: 1.306 ms
 Execution Time: 3.022 ms
(152 rows)

