CREATE SCHEMA
docker : NOTICE:  schema "lab1" already exists, skipping
C:\Users\User\AppData\Local\Temp\ps-script-ca5d2881-30f4-4c39-aa24-92bd5dffcc72.ps1:82 знак:105
+ ... sql" -Raw | docker exec -i animal-shelter-db psql -U project -d proje ...
+                 ~~~~~~~~~~~~~~~~~~~~~~~~~~~~~~~~~~~~~~~~~~~~~~~~~~~~~~~~~
    + CategoryInfo          : NotSpecified: (NOTICE:  schema...xists, skipping:String) [], RemoteException
    + FullyQualifiedErrorId : NativeCommandError
 
DROP TABLE
CREATE TABLE
INSERT 0 1000000
ANALYZE
=== CLEAN BEFORE: EXPLAIN ===
                                QUERY PLAN                                
--------------------------------------------------------------------------
 Gather  (cost=1000.00..17036.43 rows=11 width=53)
   Workers Planned: 2
   ->  Parallel Seq Scan on orders  (cost=0.00..16035.33 rows=5 width=53)
         Filter: (user_id = 123)
(4 rows)

=== CLEAN BEFORE: EXPLAIN ANALYZE ===
                                                     QUERY PLAN                                                      
---------------------------------------------------------------------------------------------------------------------
 Gather  (cost=1000.00..17036.43 rows=11 width=53) (actual time=0.556..35.038 rows=11 loops=1)
   Workers Planned: 2
   Workers Launched: 2
   ->  Parallel Seq Scan on orders  (cost=0.00..16035.33 rows=5 width=53) (actual time=3.520..26.023 rows=4 loops=3)
         Filter: (user_id = 123)
         Rows Removed by Filter: 333330
 Planning Time: 0.036 ms
 Execution Time: 35.060 ms
(8 rows)

=== CLEAN BEFORE: status PAID ===
                                                   QUERY PLAN                                                    
-----------------------------------------------------------------------------------------------------------------
 Seq Scan on orders  (cost=0.00..23327.00 rows=250000 width=53) (actual time=0.019..102.810 rows=249769 loops=1)
   Filter: ((status)::text = 'PAID'::text)
   Rows Removed by Filter: 750231
 Planning Time: 0.151 ms
 Execution Time: 112.444 ms
(5 rows)

=== CLEAN BEFORE: pagination ===
                                                            QUERY PLAN                                                            
----------------------------------------------------------------------------------------------------------------------------------
 Limit  (cost=17035.42..17036.58 rows=10 width=53) (actual time=43.341..47.973 rows=11 loops=1)
   ->  Gather Merge  (cost=17035.42..17036.58 rows=10 width=53) (actual time=43.338..47.967 rows=11 loops=1)
         Workers Planned: 2
         Workers Launched: 2
         ->  Sort  (cost=16035.39..16035.40 rows=5 width=53) (actual time=37.854..37.856 rows=4 loops=3)
               Sort Key: created_at DESC
               Sort Method: quicksort  Memory: 25kB
               Worker 0:  Sort Method: quicksort  Memory: 25kB
               Worker 1:  Sort Method: quicksort  Memory: 25kB
               ->  Parallel Seq Scan on orders  (cost=0.00..16035.33 rows=5 width=53) (actual time=11.982..37.475 rows=4 loops=3)
                     Filter: (user_id = 123)
                     Rows Removed by Filter: 333330
 Planning Time: 0.241 ms
 Execution Time: 48.064 ms
(14 rows)

=== CLEAN BEFORE: multi AND ===
                                                      QUERY PLAN                                                      
----------------------------------------------------------------------------------------------------------------------
 Gather  (cost=1000.00..18077.30 rows=3 width=53) (actual time=28.013..51.503 rows=2 loops=1)
   Workers Planned: 2
   Workers Launched: 2
   ->  Parallel Seq Scan on orders  (cost=0.00..17077.00 rows=1 width=53) (actual time=31.953..40.955 rows=1 loops=3)
         Filter: ((user_id = 123) AND ((status)::text = 'PAID'::text))
         Rows Removed by Filter: 333333
 Planning Time: 0.098 ms
 Execution Time: 51.535 ms
(8 rows)

=== CREATE idx_orders_user_id ===
CREATE INDEX
ANALYZE
=== AFTER user_id index ===
                                                         QUERY PLAN                                                          
-----------------------------------------------------------------------------------------------------------------------------
 Bitmap Heap Scan on orders  (cost=4.51..47.60 rows=11 width=53) (actual time=0.079..0.105 rows=11 loops=1)
   Recheck Cond: (user_id = 123)
   Heap Blocks: exact=11
   ->  Bitmap Index Scan on idx_orders_user_id  (cost=0.00..4.51 rows=11 width=0) (actual time=0.067..0.067 rows=11 loops=1)
         Index Cond: (user_id = 123)
 Planning Time: 0.444 ms
 Execution Time: 0.153 ms
(7 rows)

=== CREATE status + measure BitmapAnd path ===
CREATE INDEX
ANALYZE
SET
                                                         QUERY PLAN                                                          
-----------------------------------------------------------------------------------------------------------------------------
 Bitmap Heap Scan on orders  (cost=4.51..47.62 rows=3 width=53) (actual time=0.034..0.043 rows=2 loops=1)
   Recheck Cond: (user_id = 123)
   Filter: ((status)::text = 'PAID'::text)
   Rows Removed by Filter: 9
   Heap Blocks: exact=11
   ->  Bitmap Index Scan on idx_orders_user_id  (cost=0.00..4.51 rows=11 width=0) (actual time=0.017..0.018 rows=11 loops=1)
         Index Cond: (user_id = 123)
 Planning Time: 0.356 ms
 Execution Time: 0.086 ms
(9 rows)

RESET
=== CREATE composite and compare ===
CREATE INDEX
ANALYZE
                                                           QUERY PLAN                                                            
---------------------------------------------------------------------------------------------------------------------------------
 Index Scan using idx_orders_user_status on orders  (cost=0.42..16.48 rows=3 width=53) (actual time=0.036..0.039 rows=2 loops=1)
   Index Cond: ((user_id = 123) AND ((status)::text = 'PAID'::text))
 Planning Time: 0.374 ms
 Execution Time: 0.068 ms
(4 rows)

=== ORDER BY before desc index ===
                                                              QUERY PLAN                                                               
---------------------------------------------------------------------------------------------------------------------------------------
 Sort  (cost=47.79..47.81 rows=11 width=53) (actual time=0.057..0.059 rows=11 loops=1)
   Sort Key: created_at DESC
   Sort Method: quicksort  Memory: 25kB
   ->  Bitmap Heap Scan on orders  (cost=4.51..47.60 rows=11 width=53) (actual time=0.026..0.043 rows=11 loops=1)
         Recheck Cond: (user_id = 123)
         Heap Blocks: exact=11
         ->  Bitmap Index Scan on idx_orders_user_status  (cost=0.00..4.51 rows=11 width=0) (actual time=0.020..0.020 rows=11 loops=1)
               Index Cond: (user_id = 123)
 Planning Time: 0.089 ms
 Execution Time: 0.133 ms
(10 rows)

CREATE INDEX
ANALYZE
=== ORDER BY after desc index ===
                                                                      QUERY PLAN                                                                      
------------------------------------------------------------------------------------------------------------------------------------------------------
 Limit  (cost=47.79..47.81 rows=11 width=53) (actual time=0.078..0.080 rows=11 loops=1)
   ->  Sort  (cost=47.79..47.81 rows=11 width=53) (actual time=0.076..0.078 rows=11 loops=1)
         Sort Key: created_at DESC
         Sort Method: quicksort  Memory: 26kB
         ->  Bitmap Heap Scan on orders  (cost=4.51..47.60 rows=11 width=53) (actual time=0.044..0.063 rows=11 loops=1)
               Recheck Cond: (user_id = 123)
               Heap Blocks: exact=11
               ->  Bitmap Index Scan on idx_orders_user_created_at_desc  (cost=0.00..4.51 rows=11 width=0) (actual time=0.037..0.038 rows=11 loops=1)
                     Index Cond: (user_id = 123)
 Planning Time: 1.172 ms
 Execution Time: 0.148 ms
(11 rows)

=== PARTIAL: make NEW rare (~5%) then test ===
CREATE INDEX
CREATE INDEX
ANALYZE
                                                               QUERY PLAN                                                                
-----------------------------------------------------------------------------------------------------------------------------------------
 Limit  (cost=0.42..20.17 rows=100 width=53) (actual time=0.054..0.419 rows=100 loops=1)
   ->  Index Scan using idx_orders_new on orders  (cost=0.42..49852.72 rows=252467 width=53) (actual time=0.052..0.404 rows=100 loops=1)
 Planning Time: 1.161 ms
 Execution Time: 0.460 ms
(4 rows)

=== INDEX ONLY ===
CREATE INDEX
ANALYZE
                                                             QUERY PLAN                                                              
-------------------------------------------------------------------------------------------------------------------------------------
 Bitmap Heap Scan on orders  (cost=4.51..47.60 rows=11 width=31) (actual time=0.047..0.066 rows=11 loops=1)
   Recheck Cond: (user_id = 123)
   Heap Blocks: exact=11
   ->  Bitmap Index Scan on idx_orders_user_id_include  (cost=0.00..4.51 rows=11 width=0) (actual time=0.038..0.039 rows=11 loops=1)
         Index Cond: (user_id = 123)
 Planning Time: 0.423 ms
 Execution Time: 0.112 ms
(7 rows)

=== FINAL query optimize ===
                                                                  QUERY PLAN                                                                   
-----------------------------------------------------------------------------------------------------------------------------------------------
 Limit  (cost=0.43..8.45 rows=1 width=29) (actual time=0.022..0.023 rows=0 loops=1)
   ->  Index Scan using idx_orders_user_created_at_desc on orders  (cost=0.43..8.45 rows=1 width=29) (actual time=0.021..0.022 rows=0 loops=1)
         Index Cond: ((user_id = 123) AND (created_at >= (now() - '30 days'::interval)))
         Filter: ((status)::text = 'PAID'::text)
 Planning Time: 0.262 ms
 Execution Time: 0.046 ms
(6 rows)

CREATE INDEX
ANALYZE
                                                                  QUERY PLAN                                                                  
----------------------------------------------------------------------------------------------------------------------------------------------
 Limit  (cost=0.43..8.45 rows=1 width=29) (actual time=0.044..0.045 rows=0 loops=1)
   ->  Index Scan using idx_orders_user_status_created on orders  (cost=0.43..8.45 rows=1 width=29) (actual time=0.042..0.043 rows=0 loops=1)
         Index Cond: ((user_id = 123) AND ((status)::text = 'PAID'::text) AND (created_at >= (now() - '30 days'::interval)))
 Planning Time: 0.887 ms
 Execution Time: 0.085 ms
(5 rows)

