CREATE SCHEMA
DROP TABLE
docker : NOTICE:  table "events" does not exist, skipping
C:\Users\User\AppData\Local\Temp\ps-script-4b335049-4502-47e0-b294-5258dba7f00d.ps1:85 знак:99
+ ... sql" -Raw | docker exec -i animal-shelter-db psql -U project -d proje ...
+                 ~~~~~~~~~~~~~~~~~~~~~~~~~~~~~~~~~~~~~~~~~~~~~~~~~~~~~~~~~
    + CategoryInfo          : NotSpecified: (NOTICE:  table ...exist, skipping:String) [], RemoteException
    + FullyQualifiedErrorId : NativeCommandError
 
CREATE TABLE
CREATE TABLE
CREATE TABLE
CREATE TABLE
INSERT 0 100000
INSERT 0 100000
INSERT 0 100000
     partition_name     | count  
------------------------+--------
 lab3.events_2026_09_09 | 100000
 lab3.events_2026_09_10 | 100000
 lab3.events_2026_09_11 | 100000
(3 rows)

                                                                         QUERY PLAN                                                                         
------------------------------------------------------------------------------------------------------------------------------------------------------------
 Aggregate  (cost=1177.97..1177.98 rows=1 width=8) (actual time=15.907..15.909 rows=1 loops=1)
   Buffers: shared hit=736
   ->  Seq Scan on events_2026_09_10 events  (cost=0.00..1177.60 rows=147 width=0) (actual time=0.010..10.757 rows=100000 loops=1)
         Filter: ((created_at >= '2026-09-10 00:00:00'::timestamp without time zone) AND (created_at < '2026-09-11 00:00:00'::timestamp without time zone))
         Buffers: shared hit=736
 Planning:
   Buffers: shared hit=26
 Planning Time: 0.292 ms
 Execution Time: 15.936 ms
(9 rows)

                                                                QUERY PLAN                                                                 
-------------------------------------------------------------------------------------------------------------------------------------------
 Aggregate  (cost=3609.61..3609.62 rows=1 width=8) (actual time=53.826..53.828 rows=1 loops=1)
   Buffers: shared hit=2404
   ->  Append  (cost=0.00..3608.41 rows=481 width=0) (actual time=0.010..43.630 rows=200000 loops=1)
         Buffers: shared hit=2404
         ->  Seq Scan on events_2026_09_09 events_1  (cost=0.00..1251.00 rows=167 width=0) (actual time=0.010..12.174 rows=100000 loops=1)
               Filter: ((event_type)::text = 'click'::text)
               Buffers: shared hit=834
         ->  Seq Scan on events_2026_09_10 events_2  (cost=0.00..1104.00 rows=147 width=0) (actual time=6.216..6.216 rows=0 loops=1)
               Filter: ((event_type)::text = 'click'::text)
               Rows Removed by Filter: 100000
               Buffers: shared hit=736
         ->  Seq Scan on events_2026_09_11 events_3  (cost=0.00..1251.00 rows=167 width=0) (actual time=0.011..10.905 rows=100000 loops=1)
               Filter: ((event_type)::text = 'click'::text)
               Buffers: shared hit=834
 Planning:
   Buffers: shared hit=8
 Planning Time: 0.139 ms
 Execution Time: 53.856 ms
(18 rows)

CREATE INDEX
CREATE INDEX
                                                                      QUERY PLAN                                                                      
------------------------------------------------------------------------------------------------------------------------------------------------------
 Bitmap Heap Scan on events_2026_09_10 events  (cost=8.04..712.98 rows=2 width=174) (actual time=0.042..0.043 rows=0 loops=1)
   Recheck Cond: (user_id = 12345)
   Filter: ((created_at >= '2026-09-10 00:00:00'::timestamp without time zone) AND (created_at < '2026-09-11 00:00:00'::timestamp without time zone))
   Buffers: shared hit=3 read=2
   ->  Bitmap Index Scan on events_2026_09_10_user_id_idx  (cost=0.00..8.04 rows=500 width=0) (actual time=0.040..0.041 rows=0 loops=1)
         Index Cond: (user_id = 12345)
         Buffers: shared hit=3 read=2
 Planning:
   Buffers: shared hit=65 read=2
 Planning Time: 0.604 ms
 Execution Time: 0.069 ms
(11 rows)

                                                                         QUERY PLAN                                                                         
------------------------------------------------------------------------------------------------------------------------------------------------------------
 Aggregate  (cost=2261.19..2261.20 rows=1 width=8) (actual time=45.904..45.909 rows=1 loops=1)
   Buffers: shared hit=1668 read=174
   ->  Append  (cost=8.17..2257.44 rows=1500 width=0) (actual time=2.153..35.648 rows=200000 loops=1)
         Buffers: shared hit=1668 read=174
         ->  Bitmap Heap Scan on events_2026_09_09 events_1  (cost=8.17..769.67 rows=500 width=0) (actual time=2.151..10.384 rows=100000 loops=1)
               Recheck Cond: ((event_type)::text = 'click'::text)
               Heap Blocks: exact=834
               Buffers: shared hit=834 read=86
               ->  Bitmap Index Scan on events_2026_09_09_event_type_idx  (cost=0.00..8.04 rows=500 width=0) (actual time=2.032..2.032 rows=100000 loops=1)
                     Index Cond: ((event_type)::text = 'click'::text)
                     Buffers: shared read=86
         ->  Bitmap Heap Scan on events_2026_09_10 events_2  (cost=8.17..710.60 rows=500 width=0) (actual time=0.048..0.048 rows=0 loops=1)
               Recheck Cond: ((event_type)::text = 'click'::text)
               Buffers: shared read=2
               ->  Bitmap Index Scan on events_2026_09_10_event_type_idx  (cost=0.00..8.04 rows=500 width=0) (actual time=0.046..0.046 rows=0 loops=1)
                     Index Cond: ((event_type)::text = 'click'::text)
                     Buffers: shared read=2
         ->  Bitmap Heap Scan on events_2026_09_11 events_3  (cost=8.17..769.67 rows=500 width=0) (actual time=2.155..11.069 rows=100000 loops=1)
               Recheck Cond: ((event_type)::text = 'click'::text)
               Heap Blocks: exact=834
               Buffers: shared hit=834 read=86
               ->  Bitmap Index Scan on events_2026_09_11_event_type_idx  (cost=0.00..8.04 rows=500 width=0) (actual time=2.045..2.045 rows=100000 loops=1)
                     Index Cond: ((event_type)::text = 'click'::text)
                     Buffers: shared read=86
 Planning:
   Buffers: shared hit=64 read=4
 Planning Time: 0.589 ms
 Execution Time: 46.034 ms
(28 rows)

DROP TABLE
NOTICE:  table "products" does not exist, skipping
CREATE TABLE
CREATE TABLE
CREATE TABLE
CREATE TABLE
INSERT 0 3
                                                     QUERY PLAN                                                     
--------------------------------------------------------------------------------------------------------------------
 Seq Scan on products_medium products  (cost=0.00..22.15 rows=4 width=72) (actual time=0.006..0.007 rows=1 loops=1)
   Filter: ((price >= '100'::numeric) AND (price < '500'::numeric))
   Buffers: shared hit=1
 Planning:
   Buffers: shared hit=45
 Planning Time: 0.353 ms
 Execution Time: 0.015 ms
(7 rows)

DROP TABLE
NOTICE:  table "customers" does not exist, skipping
CREATE TABLE
CREATE TABLE
CREATE TABLE
CREATE TABLE
CREATE TABLE
INSERT 0 4
                                                     QUERY PLAN                                                     
NOTICE:  table "user_events" does not exist, skipping
--------------------------------------------------------------------------------------------------------------------
 Seq Scan on customers_b2b customers  (cost=0.00..16.88 rows=3 width=118) (actual time=0.014..0.015 rows=1 loops=1)
   Filter: ((customer_type)::text = 'B2B'::text)
   Buffers: shared hit=1
 Planning:
   Buffers: shared hit=10
 Planning Time: 0.315 ms
 Execution Time: 0.030 ms
(7 rows)

DROP TABLE
CREATE TABLE
CREATE TABLE
CREATE TABLE
CREATE TABLE
CREATE TABLE
INSERT 0 400000
      tableoid      | count  
--------------------+--------
 lab3.user_events_0 | 100157
 lab3.user_events_1 | 100164
 lab3.user_events_2 |  99620
 lab3.user_events_3 | 100059
(4 rows)

